Flow report for lab1
Thu May  7 17:53:01 2026
Quartus Prime Version 21.1.0 Build 842 10/21/2021 SJ Standard Edition


---------------------
; Table of Contents ;
---------------------
  1. Legal Notice
  2. Flow Summary
  3. Flow Settings
  4. Flow Non-Default Global Settings
  5. Flow Elapsed Time
  6. Flow OS Summary
  7. Flow Log
  8. Flow Messages
  9. Flow Suppressed Messages



----------------
; Legal Notice ;
----------------
Copyright (C) 2021  Intel Corporation. All rights reserved.
Your use of Intel Corporation's design tools, logic functions 
and other software and tools, and any partner logic 
functions, and any output files from any of the foregoing 
(including device programming or simulation files), and any 
associated documentation or information are expressly subject 
to the terms and conditions of the Intel Program License 
Subscription Agreement, the Intel Quartus Prime License Agreement,
the Intel FPGA IP License Agreement, or other applicable license
agreement, including, without limitation, that your use is for
the sole purpose of programming logic devices manufactured by
Intel and sold by Intel or its authorized distributors.  Please
refer to the applicable agreement for further details, at
https://fpgasoftware.intel.com/eula.



+-----------------------------------------------------------------------------------+
; Flow Summary                                                                      ;
+---------------------------------+-------------------------------------------------+
; Flow Status                     ; Flow Failed - Thu May  7 17:53:01 2026          ;
; Quartus Prime Version           ; 21.1.0 Build 842 10/21/2021 SJ Standard Edition ;
; Revision Name                   ; lab1                                            ;
; Top-level Entity Name           ; booth                                           ;
; Family                          ; Cyclone V                                       ;
; Device                          ; 5CSXFC6D6F31C6                                  ;
; Timing Models                   ; Final                                           ;
; Logic utilization (in ALMs)     ; 32 / 41,910 ( < 1 % )                           ;
; Total registers                 ; 38                                              ;
; Total pins                      ; 71 / 499 ( 14 % )                               ;
; Total virtual pins              ; 0                                               ;
; Total block memory bits         ; 0 / 5,662,720 ( 0 % )                           ;
; Total DSP Blocks                ; 0 / 112 ( 0 % )                                 ;
; Total HSSI RX PCSs              ; 0 / 9 ( 0 % )                                   ;
; Total HSSI PMA RX Deserializers ; 0 / 9 ( 0 % )                                   ;
; Total HSSI TX PCSs              ; 0 / 9 ( 0 % )                                   ;
; Total HSSI PMA TX Serializers   ; 0 / 9 ( 0 % )                                   ;
; Total PLLs                      ; 0 / 15 ( 0 % )                                  ;
; Total DLLs                      ; 0 / 4 ( 0 % )                                   ;
+---------------------------------+-------------------------------------------------+


+-----------------------------------------+
; Flow Settings                           ;
+-------------------+---------------------+
; Option            ; Setting             ;
+-------------------+---------------------+
; Start date & time ; 05/07/2026 17:50:02 ;
; Main task         ; Compilation         ;
; Revision Name     ; lab1                ;
+-------------------+---------------------+


+------------------------------------------------------------------------------------------------------------------------------------------------------------------------------------------------------------+
; Flow Non-Default Global Settings                                                                                                                                                                           ;
+-------------------------------------+---------------------------------------------------------------------------+---------------+--------------------------------------+-----------------------------------+
; Assignment Name                     ; Value                                                                     ; Default Value ; Entity Name                          ; Section Id                        ;
+-------------------------------------+---------------------------------------------------------------------------+---------------+--------------------------------------+-----------------------------------+
; COMPILER_SIGNATURE_ID               ; 229441587721504.177816900023942                                           ; --            ; --                                   ; --                                ;
; EDA_GENERATE_FUNCTIONAL_NETLIST     ; Off                                                                       ; --            ; --                                   ; eda_board_design_timing           ;
; EDA_GENERATE_FUNCTIONAL_NETLIST     ; Off                                                                       ; --            ; --                                   ; eda_board_design_boundary_scan    ;
; EDA_GENERATE_FUNCTIONAL_NETLIST     ; Off                                                                       ; --            ; --                                   ; eda_board_design_signal_integrity ;
; EDA_GENERATE_FUNCTIONAL_NETLIST     ; Off                                                                       ; --            ; --                                   ; eda_board_design_symbol           ;
; EDA_OUTPUT_DATA_FORMAT              ; Vhdl                                                                      ; --            ; --                                   ; eda_simulation                    ;
; EDA_SIMULATION_TOOL                 ; QuestaSim (VHDL)                                                          ; <None>        ; --                                   ; --                                ;
; EDA_TIME_SCALE                      ; 1 ps                                                                      ; --            ; --                                   ; eda_simulation                    ;
; HPS_ISW_FILE                        ; lab1_system/synthesis/submodules/sequencer/sequencer_auto.pre.h           ; --            ; lab1_system_ARM_A9_HPS_hps_io_border ; --                                ;
; HPS_ISW_FILE                        ; lab1_system/synthesis/submodules/sequencer/tclrpt.pre.h                   ; --            ; lab1_system_ARM_A9_HPS_hps_io_border ; --                                ;
; HPS_ISW_FILE                        ; lab1_system/synthesis/submodules/sequencer/sequencer_auto_ac_init.pre.c   ; --            ; lab1_system_ARM_A9_HPS_hps_io_border ; --                                ;
; HPS_ISW_FILE                        ; lab1_system/synthesis/submodules/sequencer/sdram_io.pre.h                 ; --            ; lab1_system_ARM_A9_HPS_hps_io_border ; --                                ;
; HPS_ISW_FILE                        ; lab1_system/synthesis/submodules/sequencer/sequencer.pre.h                ; --            ; lab1_system_ARM_A9_HPS_hps_io_border ; --                                ;
; HPS_ISW_FILE                        ; lab1_system/synthesis/submodules/sequencer/sequencer_defines.pre.h        ; --            ; lab1_system_ARM_A9_HPS_hps_io_border ; --                                ;
; HPS_ISW_FILE                        ; lab1_system/synthesis/submodules/sequencer/tclrpt.pre.c                   ; --            ; lab1_system_ARM_A9_HPS_hps_io_border ; --                                ;
; HPS_ISW_FILE                        ; lab1_system/synthesis/submodules/sequencer/system.pre.h                   ; --            ; lab1_system_ARM_A9_HPS_hps_io_border ; --                                ;
; HPS_ISW_FILE                        ; lab1_system/synthesis/submodules/sequencer/sequencer.pre.c                ; --            ; lab1_system_ARM_A9_HPS_hps_io_border ; --                                ;
; HPS_ISW_FILE                        ; lab1_system/synthesis/submodules/sequencer/alt_types.pre.h                ; --            ; lab1_system_ARM_A9_HPS_hps_io_border ; --                                ;
; HPS_ISW_FILE                        ; lab1_system/synthesis/submodules/sequencer/emif.pre.xml                   ; --            ; lab1_system_ARM_A9_HPS_hps_io_border ; --                                ;
; HPS_ISW_FILE                        ; lab1_system/synthesis/submodules/sequencer/sequencer_auto_inst_init.pre.c ; --            ; lab1_system_ARM_A9_HPS_hps_io_border ; --                                ;
; HPS_ISW_FILE                        ; lab1_system/synthesis/submodules/hps.pre.xml                              ; --            ; lab1_system_ARM_A9_HPS_hps_io_border ; --                                ;
; HPS_PARTITION                       ; On                                                                        ; --            ; lab1_system_ARM_A9_HPS_hps_io_border ; --                                ;
; MAX_CORE_JUNCTION_TEMP              ; 85                                                                        ; --            ; --                                   ; --                                ;
; MIN_CORE_JUNCTION_TEMP              ; 0                                                                         ; --            ; --                                   ; --                                ;
; MISC_FILE                           ; lab1_system/synthesis/../lab1_system.cmp                                  ; --            ; --                                   ; --                                ;
; MISC_FILE                           ; lab1_system/synthesis/lab1_system_ARM_A9_HPS_hps.svd                      ; --            ; --                                   ; --                                ;
; MISC_FILE                           ; lab1_system/synthesis/../../lab1_system.qsys                              ; --            ; --                                   ; --                                ;
; MISC_FILE                           ; lab1_system/synthesis/submodules/sequencer/sequencer_auto.pre.h           ; --            ; --                                   ; --                                ;
; MISC_FILE                           ; lab1_system/synthesis/submodules/sequencer/tclrpt.pre.h                   ; --            ; --                                   ; --                                ;
; MISC_FILE                           ; lab1_system/synthesis/submodules/sequencer/sequencer_auto_ac_init.pre.c   ; --            ; --                                   ; --                                ;
; MISC_FILE                           ; lab1_system/synthesis/submodules/sequencer/sdram_io.pre.h                 ; --            ; --                                   ; --                                ;
; MISC_FILE                           ; lab1_system/synthesis/submodules/sequencer/sequencer.pre.h                ; --            ; --                                   ; --                                ;
; MISC_FILE                           ; lab1_system/synthesis/submodules/sequencer/sequencer_defines.pre.h        ; --            ; --                                   ; --                                ;
; MISC_FILE                           ; lab1_system/synthesis/submodules/sequencer/tclrpt.pre.c                   ; --            ; --                                   ; --                                ;
; MISC_FILE                           ; lab1_system/synthesis/submodules/sequencer/system.pre.h                   ; --            ; --                                   ; --                                ;
; MISC_FILE                           ; lab1_system/synthesis/submodules/sequencer/sequencer.pre.c                ; --            ; --                                   ; --                                ;
; MISC_FILE                           ; lab1_system/synthesis/submodules/sequencer/alt_types.pre.h                ; --            ; --                                   ; --                                ;
; MISC_FILE                           ; lab1_system/synthesis/submodules/sequencer/emif.pre.xml                   ; --            ; --                                   ; --                                ;
; MISC_FILE                           ; lab1_system/synthesis/submodules/sequencer/sequencer_auto_inst_init.pre.c ; --            ; --                                   ; --                                ;
; MISC_FILE                           ; lab1_system/synthesis/submodules/hps.pre.xml                              ; --            ; --                                   ; --                                ;
; PARTITION_COLOR                     ; -- (Not supported for targeted family)                                    ; --            ; booth                                ; Top                               ;
; PARTITION_FITTER_PRESERVATION_LEVEL ; -- (Not supported for targeted family)                                    ; --            ; booth                                ; Top                               ;
; PARTITION_NETLIST_TYPE              ; -- (Not supported for targeted family)                                    ; --            ; booth                                ; Top                               ;
; POWER_BOARD_THERMAL_MODEL           ; None (CONSERVATIVE)                                                       ; --            ; --                                   ; --                                ;
; POWER_PRESET_COOLING_SOLUTION       ; 23 MM HEAT SINK WITH 200 LFPM AIRFLOW                                     ; --            ; --                                   ; --                                ;
; PROJECT_OUTPUT_DIRECTORY            ; output_files                                                              ; --            ; --                                   ; --                                ;
; SLD_FILE                            ; lab1_system/synthesis/lab1_system.regmap                                  ; --            ; --                                   ; --                                ;
; SLD_FILE                            ; lab1_system/synthesis/lab1_system.debuginfo                               ; --            ; --                                   ; --                                ;
; SLD_INFO                            ; QSYS_NAME lab1_system HAS_SOPCINFO 1 GENERATION_ID 1777563282             ; --            ; lab1_system                          ; --                                ;
; SOPCINFO_FILE                       ; lab1_system/synthesis/../../lab1_system.sopcinfo                          ; --            ; --                                   ; --                                ;
; SYNTHESIS_ONLY_QIP                  ; On                                                                        ; --            ; --                                   ; --                                ;
; TOP_LEVEL_ENTITY                    ; booth                                                                     ; lab1          ; --                                   ; --                                ;
+-------------------------------------+---------------------------------------------------------------------------+---------------+--------------------------------------+-----------------------------------+


+--------------------------------------------------------------------------------------------------------------------------+
; Flow Elapsed Time                                                                                                        ;
+----------------------+--------------+-------------------------+---------------------+------------------------------------+
; Module Name          ; Elapsed Time ; Average Processors Used ; Peak Virtual Memory ; Total CPU Time (on all processors) ;
+----------------------+--------------+-------------------------+---------------------+------------------------------------+
; Analysis & Synthesis ; 00:00:10     ; 1.0                     ; 601 MB              ; 00:00:17                           ;
; Fitter               ; 00:00:09     ; 1.0                     ; 1093 MB             ; 00:00:09                           ;
; Total                ; 00:00:19     ; --                      ; --                  ; 00:00:26                           ;
+----------------------+--------------+-------------------------+---------------------+------------------------------------+


+----------------------------------------------------------------------------------------+
; Flow OS Summary                                                                        ;
+----------------------+------------------+----------------+------------+----------------+
; Module Name          ; Machine Hostname ; OS Name        ; OS Version ; Processor type ;
+----------------------+------------------+----------------+------------+----------------+
; Analysis & Synthesis ; c5c6             ; Ubuntu 22.04.5 ; 22         ; x86_64         ;
; Fitter               ; c5c6             ; Ubuntu 22.04.5 ; 22         ; x86_64         ;
+----------------------+------------------+----------------+------------+----------------+


------------
; Flow Log ;
------------
quartus_map --read_settings_files=on --write_settings_files=off lab1 -c lab1
quartus_fit --read_settings_files=off --write_settings_files=off lab1 -c lab1



