Analysis & Synthesis report for lab1
Thu May  7 17:52:51 2026
Quartus Prime Version 21.1.0 Build 842 10/21/2021 SJ Standard Edition


---------------------
; Table of Contents ;
---------------------
  1. Legal Notice
  2. Analysis & Synthesis Summary
  3. Analysis & Synthesis Settings
  4. Parallel Compilation
  5. Analysis & Synthesis Source Files Read
  6. Analysis & Synthesis Resource Usage Summary
  7. Analysis & Synthesis Resource Utilization by Entity
  8. General Register Statistics
  9. Multiplexer Restructuring Statistics (Restructuring Performed)
 10. Post-Synthesis Netlist Statistics for Top Partition
 11. Elapsed Time Per Partition
 12. Analysis & Synthesis Messages
 13. Analysis & Synthesis Suppressed Messages



----------------
; Legal Notice ;
----------------
Copyright (C) 2021  Intel Corporation. All rights reserved.
Your use of Intel Corporation's design tools, logic functions 
and other software and tools, and any partner logic 
functions, and any output files from any of the foregoing 
(including device programming or simulation files), and any 
associated documentation or information are expressly subject 
to the terms and conditions of the Intel Program License 
Subscription Agreement, the Intel Quartus Prime License Agreement,
the Intel FPGA IP License Agreement, or other applicable license
agreement, including, without limitation, that your use is for
the sole purpose of programming logic devices manufactured by
Intel and sold by Intel or its authorized distributors.  Please
refer to the applicable agreement for further details, at
https://fpgasoftware.intel.com/eula.



+-----------------------------------------------------------------------------------+
; Analysis & Synthesis Summary                                                      ;
+---------------------------------+-------------------------------------------------+
; Analysis & Synthesis Status     ; Successful - Thu May  7 17:52:51 2026           ;
; Quartus Prime Version           ; 21.1.0 Build 842 10/21/2021 SJ Standard Edition ;
; Revision Name                   ; lab1                                            ;
; Top-level Entity Name           ; booth                                           ;
; Family                          ; Cyclone V                                       ;
; Logic utilization (in ALMs)     ; N/A                                             ;
; Total registers                 ; 38                                              ;
; Total pins                      ; 71                                              ;
; Total virtual pins              ; 0                                               ;
; Total block memory bits         ; 0                                               ;
; Total DSP Blocks                ; 0                                               ;
; Total HSSI RX PCSs              ; 0                                               ;
; Total HSSI PMA RX Deserializers ; 0                                               ;
; Total HSSI TX PCSs              ; 0                                               ;
; Total HSSI PMA TX Serializers   ; 0                                               ;
; Total PLLs                      ; 0                                               ;
; Total DLLs                      ; 0                                               ;
+---------------------------------+-------------------------------------------------+


+---------------------------------------------------------------------------------------------------------------------------+
; Analysis & Synthesis Settings                                                                                             ;
+---------------------------------------------------------------------------------+--------------------+--------------------+
; Option                                                                          ; Setting            ; Default Value      ;
+---------------------------------------------------------------------------------+--------------------+--------------------+
; Device                                                                          ; 5CSXFC6D6F31C6     ;                    ;
; Top-level entity name                                                           ; booth              ; lab1               ;
; Family name                                                                     ; Cyclone V          ; Cyclone V          ;
; Use smart compilation                                                           ; Off                ; Off                ;
; Enable parallel Assembler and Timing Analyzer during compilation                ; On                 ; On                 ;
; Enable compact report table                                                     ; Off                ; Off                ;
; Restructure Multiplexers                                                        ; Auto               ; Auto               ;
; MLAB Add Timing Constraints For Mixed-Port Feed-Through Mode Setting Don't Care ; Off                ; Off                ;
; Create Debugging Nodes for IP Cores                                             ; Off                ; Off                ;
; Preserve fewer node names                                                       ; On                 ; On                 ;
; Intel FPGA IP Evaluation Mode                                                   ; Enable             ; Enable             ;
; Verilog Version                                                                 ; Verilog_2001       ; Verilog_2001       ;
; VHDL Version                                                                    ; VHDL_1993          ; VHDL_1993          ;
; State Machine Processing                                                        ; Auto               ; Auto               ;
; Safe State Machine                                                              ; Off                ; Off                ;
; Extract Verilog State Machines                                                  ; On                 ; On                 ;
; Extract VHDL State Machines                                                     ; On                 ; On                 ;
; Ignore Verilog initial constructs                                               ; Off                ; Off                ;
; Iteration limit for constant Verilog loops                                      ; 5000               ; 5000               ;
; Iteration limit for non-constant Verilog loops                                  ; 250                ; 250                ;
; Add Pass-Through Logic to Inferred RAMs                                         ; On                 ; On                 ;
; Infer RAMs from Raw Logic                                                       ; On                 ; On                 ;
; Parallel Synthesis                                                              ; On                 ; On                 ;
; DSP Block Balancing                                                             ; Auto               ; Auto               ;
; NOT Gate Push-Back                                                              ; On                 ; On                 ;
; Power-Up Don't Care                                                             ; On                 ; On                 ;
; Remove Redundant Logic Cells                                                    ; Off                ; Off                ;
; Remove Duplicate Registers                                                      ; On                 ; On                 ;
; Ignore CARRY Buffers                                                            ; Off                ; Off                ;
; Ignore CASCADE Buffers                                                          ; Off                ; Off                ;
; Ignore GLOBAL Buffers                                                           ; Off                ; Off                ;
; Ignore ROW GLOBAL Buffers                                                       ; Off                ; Off                ;
; Ignore LCELL Buffers                                                            ; Off                ; Off                ;
; Ignore SOFT Buffers                                                             ; On                 ; On                 ;
; Limit AHDL Integers to 32 Bits                                                  ; Off                ; Off                ;
; Optimization Technique                                                          ; Balanced           ; Balanced           ;
; Carry Chain Length                                                              ; 70                 ; 70                 ;
; Auto Carry Chains                                                               ; On                 ; On                 ;
; Auto Open-Drain Pins                                                            ; On                 ; On                 ;
; Perform WYSIWYG Primitive Resynthesis                                           ; Off                ; Off                ;
; Auto ROM Replacement                                                            ; On                 ; On                 ;
; Auto RAM Replacement                                                            ; On                 ; On                 ;
; Auto DSP Block Replacement                                                      ; On                 ; On                 ;
; Auto Shift Register Replacement                                                 ; Auto               ; Auto               ;
; Allow Shift Register Merging across Hierarchies                                 ; Auto               ; Auto               ;
; Auto Clock Enable Replacement                                                   ; On                 ; On                 ;
; Strict RAM Replacement                                                          ; Off                ; Off                ;
; Allow Synchronous Control Signals                                               ; On                 ; On                 ;
; Force Use of Synchronous Clear Signals                                          ; Off                ; Off                ;
; Auto Resource Sharing                                                           ; Off                ; Off                ;
; Allow Any RAM Size For Recognition                                              ; Off                ; Off                ;
; Allow Any ROM Size For Recognition                                              ; Off                ; Off                ;
; Allow Any Shift Register Size For Recognition                                   ; Off                ; Off                ;
; Use LogicLock Constraints during Resource Balancing                             ; On                 ; On                 ;
; Ignore translate_off and synthesis_off directives                               ; Off                ; Off                ;
; Timing-Driven Synthesis                                                         ; On                 ; On                 ;
; Report Parameter Settings                                                       ; On                 ; On                 ;
; Report Source Assignments                                                       ; On                 ; On                 ;
; Report Connectivity Checks                                                      ; On                 ; On                 ;
; Ignore Maximum Fan-Out Assignments                                              ; Off                ; Off                ;
; Synchronization Register Chain Length                                           ; 3                  ; 3                  ;
; Power Optimization During Synthesis                                             ; Normal compilation ; Normal compilation ;
; HDL message level                                                               ; Level2             ; Level2             ;
; Suppress Register Optimization Related Messages                                 ; Off                ; Off                ;
; Number of Removed Registers Reported in Synthesis Report                        ; 5000               ; 5000               ;
; Number of Swept Nodes Reported in Synthesis Report                              ; 5000               ; 5000               ;
; Number of Inverted Registers Reported in Synthesis Report                       ; 100                ; 100                ;
; Clock MUX Protection                                                            ; On                 ; On                 ;
; Auto Gated Clock Conversion                                                     ; Off                ; Off                ;
; Block Design Naming                                                             ; Auto               ; Auto               ;
; SDC constraint protection                                                       ; Off                ; Off                ;
; Synthesis Effort                                                                ; Auto               ; Auto               ;
; Shift Register Replacement - Allow Asynchronous Clear Signal                    ; On                 ; On                 ;
; Pre-Mapping Resynthesis Optimization                                            ; Off                ; Off                ;
; Analysis & Synthesis Message Level                                              ; Medium             ; Medium             ;
; Disable Register Merging Across Hierarchies                                     ; Auto               ; Auto               ;
; Resource Aware Inference For Block RAM                                          ; On                 ; On                 ;
; Automatic Parallel Synthesis                                                    ; On                 ; On                 ;
; Partial Reconfiguration Bitstream ID                                            ; Off                ; Off                ;
+---------------------------------------------------------------------------------+--------------------+--------------------+


+------------------------------------------+
; Parallel Compilation                     ;
+----------------------------+-------------+
; Processors                 ; Number      ;
+----------------------------+-------------+
; Number detected on machine ; 12          ;
; Maximum allowed            ; 6           ;
;                            ;             ;
; Average used               ; 1.00        ;
; Maximum used               ; 6           ;
;                            ;             ;
; Usage by Processor         ; % Time Used ;
;     Processor 1            ; 100.0%      ;
;     Processor 2            ;   0.0%      ;
;     Processors 3-6         ;   0.0%      ;
+----------------------------+-------------+


+-------------------------------------------------------------------------------------------------------------------------------------------------------------------------------------------+
; Analysis & Synthesis Source Files Read                                                                                                                                                    ;
+-------------------------------------------+-----------------+------------------------------+--------------------------------------------------------------------------------+-------------+
; File Name with User-Entered Path          ; Used in Netlist ; File Type                    ; File Name with Absolute Path                                                   ; Library     ;
+-------------------------------------------+-----------------+------------------------------+--------------------------------------------------------------------------------+-------------+
; lab1_system/synthesis/submodules/booth.sv ; yes             ; User SystemVerilog HDL File  ; /home/alumnes/s/serik.perez/hdd/lab1/lab1_system/synthesis/submodules/booth.sv ; lab1_system ;
+-------------------------------------------+-----------------+------------------------------+--------------------------------------------------------------------------------+-------------+


+---------------------------------------------------------+
; Analysis & Synthesis Resource Usage Summary             ;
+---------------------------------------------+-----------+
; Resource                                    ; Usage     ;
+---------------------------------------------+-----------+
; Estimate of Logic utilization (ALMs needed) ; 33        ;
;                                             ;           ;
; Combinational ALUT usage for logic          ; 46        ;
;     -- 7 input functions                    ; 0         ;
;     -- 6 input functions                    ; 5         ;
;     -- 5 input functions                    ; 34        ;
;     -- 4 input functions                    ; 4         ;
;     -- <=3 input functions                  ; 3         ;
;                                             ;           ;
; Dedicated logic registers                   ; 38        ;
;                                             ;           ;
; I/O pins                                    ; 71        ;
;                                             ;           ;
; Total DSP Blocks                            ; 0         ;
;                                             ;           ;
; Maximum fan-out node                        ; clk~input ;
; Maximum fan-out                             ; 38        ;
; Total fan-out                               ; 503       ;
; Average fan-out                             ; 2.23      ;
+---------------------------------------------+-----------+


+----------------------------------------------------------------------------------------------------------------------------------------------------------------------------------------+
; Analysis & Synthesis Resource Utilization by Entity                                                                                                                                    ;
+----------------------------+---------------------+---------------------------+-------------------+------------+------+--------------+---------------------+-------------+--------------+
; Compilation Hierarchy Node ; Combinational ALUTs ; Dedicated Logic Registers ; Block Memory Bits ; DSP Blocks ; Pins ; Virtual Pins ; Full Hierarchy Name ; Entity Name ; Library Name ;
+----------------------------+---------------------+---------------------------+-------------------+------------+------+--------------+---------------------+-------------+--------------+
; |booth                     ; 46 (46)             ; 38 (38)                   ; 0                 ; 0          ; 71   ; 0            ; |booth              ; booth       ; lab1_system  ;
+----------------------------+---------------------+---------------------------+-------------------+------------+------+--------------+---------------------+-------------+--------------+
Note: For table entries with two numbers listed, the numbers in parentheses indicate the number of resources of the given type used by the specific entity alone. The numbers listed outside of parentheses indicate the total resources of the given type used by the specific entity and all of its sub-entities in the hierarchy.


+------------------------------------------------------+
; General Register Statistics                          ;
+----------------------------------------------+-------+
; Statistic                                    ; Value ;
+----------------------------------------------+-------+
; Total registers                              ; 38    ;
; Number of registers using Synchronous Clear  ; 17    ;
; Number of registers using Synchronous Load   ; 16    ;
; Number of registers using Asynchronous Clear ; 0     ;
; Number of registers using Asynchronous Load  ; 0     ;
; Number of registers using Clock Enable       ; 33    ;
; Number of registers using Preset             ; 0     ;
+----------------------------------------------+-------+


+------------------------------------------------------------------------------------------------------------------------------------------+
; Multiplexer Restructuring Statistics (Restructuring Performed)                                                                           ;
+--------------------+-----------+---------------+----------------------+------------------------+------------+----------------------------+
; Multiplexer Inputs ; Bus Width ; Baseline Area ; Area if Restructured ; Saving if Restructured ; Registered ; Example Multiplexer Output ;
+--------------------+-----------+---------------+----------------------+------------------------+------------+----------------------------+
; 3:1                ; 16 bits   ; 32 LEs        ; 0 LEs                ; 32 LEs                 ; Yes        ; |booth|result_f[6]         ;
; 3:1                ; 17 bits   ; 34 LEs        ; 0 LEs                ; 34 LEs                 ; Yes        ; |booth|result_f[22]        ;
; 6:1                ; 4 bits    ; 16 LEs        ; 8 LEs                ; 8 LEs                  ; Yes        ; |booth|state[0]            ;
; 6:1                ; 15 bits   ; 60 LEs        ; 30 LEs               ; 30 LEs                 ; No         ; |booth|Mux14               ;
+--------------------+-----------+---------------+----------------------+------------------------+------------+----------------------------+


+-----------------------------------------------------+
; Post-Synthesis Netlist Statistics for Top Partition ;
+-----------------------+-----------------------------+
; Type                  ; Count                       ;
+-----------------------+-----------------------------+
; arriav_ff             ; 38                          ;
;     ENA SCLR          ; 17                          ;
;     ENA SLD           ; 16                          ;
;     plain             ; 5                           ;
; arriav_lcell_comb     ; 47                          ;
;     arith             ; 19                          ;
;         1 data inputs ; 1                           ;
;         5 data inputs ; 18                          ;
;     normal            ; 28                          ;
;         1 data inputs ; 1                           ;
;         2 data inputs ; 1                           ;
;         3 data inputs ; 1                           ;
;         4 data inputs ; 4                           ;
;         5 data inputs ; 16                          ;
;         6 data inputs ; 5                           ;
; boundary_port         ; 71                          ;
;                       ;                             ;
; Max LUT depth         ; 3.60                        ;
; Average LUT depth     ; 2.04                        ;
+-----------------------+-----------------------------+


+-------------------------------+
; Elapsed Time Per Partition    ;
+----------------+--------------+
; Partition Name ; Elapsed Time ;
+----------------+--------------+
; Top            ; 00:00:00     ;
+----------------+--------------+


+-------------------------------+
; Analysis & Synthesis Messages ;
+-------------------------------+
Info: *******************************************************************
Info: Running Quartus Prime Analysis & Synthesis
    Info: Version 21.1.0 Build 842 10/21/2021 SJ Standard Edition
    Info: Processing started: Thu May  7 17:49:59 2026
Info: Command: quartus_map --read_settings_files=on --write_settings_files=off lab1 -c lab1
Warning (18236): Number of processors has not been specified which may cause overloading on shared machines.  Set the global assignment NUM_PARALLEL_PROCESSORS in your QSF to an appropriate value for best performance.
Info (20030): Parallel compilation is enabled and will use 6 of the 6 processors detected
Info (12021): Found 2 design units, including 1 entities, in source file lab1_system/synthesis/lab1_system.vhd
    Info (12022): Found design unit 1: lab1_system-rtl File: /home/alumnes/s/serik.perez/hdd/lab1/lab1_system/synthesis/lab1_system.vhd Line: 46
    Info (12023): Found entity 1: lab1_system File: /home/alumnes/s/serik.perez/hdd/lab1/lab1_system/synthesis/lab1_system.vhd Line: 9
Info (12021): Found 2 design units, including 1 entities, in source file lab1_system/synthesis/lab1_system_rst_controller.vhd
    Info (12022): Found design unit 1: lab1_system_rst_controller-rtl File: /home/alumnes/s/serik.perez/hdd/lab1/lab1_system/synthesis/lab1_system_rst_controller.vhd Line: 75
    Info (12023): Found entity 1: lab1_system_rst_controller File: /home/alumnes/s/serik.perez/hdd/lab1/lab1_system/synthesis/lab1_system_rst_controller.vhd Line: 9
Info (12021): Found 2 design units, including 1 entities, in source file lab1_system/synthesis/lab1_system_rst_controller_001.vhd
    Info (12022): Found design unit 1: lab1_system_rst_controller_001-rtl File: /home/alumnes/s/serik.perez/hdd/lab1/lab1_system/synthesis/lab1_system_rst_controller_001.vhd Line: 75
    Info (12023): Found entity 1: lab1_system_rst_controller_001 File: /home/alumnes/s/serik.perez/hdd/lab1/lab1_system/synthesis/lab1_system_rst_controller_001.vhd Line: 9
Info (12021): Found 1 design units, including 1 entities, in source file lab1_system/synthesis/submodules/altera_reset_controller.v
    Info (12023): Found entity 1: altera_reset_controller File: /home/alumnes/s/serik.perez/hdd/lab1/lab1_system/synthesis/submodules/altera_reset_controller.v Line: 42
Info (12021): Found 1 design units, including 1 entities, in source file lab1_system/synthesis/submodules/altera_reset_synchronizer.v
    Info (12023): Found entity 1: altera_reset_synchronizer File: /home/alumnes/s/serik.perez/hdd/lab1/lab1_system/synthesis/submodules/altera_reset_synchronizer.v Line: 24
Info (12021): Found 1 design units, including 1 entities, in source file lab1_system/synthesis/submodules/lab1_system_irq_mapper_001.sv
    Info (12023): Found entity 1: lab1_system_irq_mapper_001 File: /home/alumnes/s/serik.perez/hdd/lab1/lab1_system/synthesis/submodules/lab1_system_irq_mapper_001.sv Line: 31
Info (12021): Found 1 design units, including 1 entities, in source file lab1_system/synthesis/submodules/lab1_system_irq_mapper.sv
    Info (12023): Found entity 1: lab1_system_irq_mapper File: /home/alumnes/s/serik.perez/hdd/lab1/lab1_system/synthesis/submodules/lab1_system_irq_mapper.sv Line: 31
Info (12021): Found 1 design units, including 1 entities, in source file lab1_system/synthesis/submodules/lab1_system_mm_interconnect_0.v
    Info (12023): Found entity 1: lab1_system_mm_interconnect_0 File: /home/alumnes/s/serik.perez/hdd/lab1/lab1_system/synthesis/submodules/lab1_system_mm_interconnect_0.v Line: 9
Info (12021): Found 1 design units, including 1 entities, in source file lab1_system/synthesis/submodules/lab1_system_mm_interconnect_0_avalon_st_adapter.v
    Info (12023): Found entity 1: lab1_system_mm_interconnect_0_avalon_st_adapter File: /home/alumnes/s/serik.perez/hdd/lab1/lab1_system/synthesis/submodules/lab1_system_mm_interconnect_0_avalon_st_adapter.v Line: 9
Info (12021): Found 1 design units, including 1 entities, in source file lab1_system/synthesis/submodules/lab1_system_mm_interconnect_0_avalon_st_adapter_error_adapter_0.sv
    Info (12023): Found entity 1: lab1_system_mm_interconnect_0_avalon_st_adapter_error_adapter_0 File: /home/alumnes/s/serik.perez/hdd/lab1/lab1_system/synthesis/submodules/lab1_system_mm_interconnect_0_avalon_st_adapter_error_adapter_0.sv Line: 66
Info (12021): Found 1 design units, including 1 entities, in source file lab1_system/synthesis/submodules/lab1_system_mm_interconnect_0_rsp_mux.sv
    Info (12023): Found entity 1: lab1_system_mm_interconnect_0_rsp_mux File: /home/alumnes/s/serik.perez/hdd/lab1/lab1_system/synthesis/submodules/lab1_system_mm_interconnect_0_rsp_mux.sv Line: 51
Info (12021): Found 2 design units, including 2 entities, in source file lab1_system/synthesis/submodules/altera_merlin_arbitrator.sv
    Info (12023): Found entity 1: altera_merlin_arbitrator File: /home/alumnes/s/serik.perez/hdd/lab1/lab1_system/synthesis/submodules/altera_merlin_arbitrator.sv Line: 103
    Info (12023): Found entity 2: altera_merlin_arb_adder File: /home/alumnes/s/serik.perez/hdd/lab1/lab1_system/synthesis/submodules/altera_merlin_arbitrator.sv Line: 228
Info (12021): Found 1 design units, including 1 entities, in source file lab1_system/synthesis/submodules/lab1_system_mm_interconnect_0_rsp_demux_002.sv
    Info (12023): Found entity 1: lab1_system_mm_interconnect_0_rsp_demux_002 File: /home/alumnes/s/serik.perez/hdd/lab1/lab1_system/synthesis/submodules/lab1_system_mm_interconnect_0_rsp_demux_002.sv Line: 43
Info (12021): Found 1 design units, including 1 entities, in source file lab1_system/synthesis/submodules/lab1_system_mm_interconnect_0_rsp_demux.sv
    Info (12023): Found entity 1: lab1_system_mm_interconnect_0_rsp_demux File: /home/alumnes/s/serik.perez/hdd/lab1/lab1_system/synthesis/submodules/lab1_system_mm_interconnect_0_rsp_demux.sv Line: 43
Info (12021): Found 1 design units, including 1 entities, in source file lab1_system/synthesis/submodules/lab1_system_mm_interconnect_0_cmd_mux_002.sv
    Info (12023): Found entity 1: lab1_system_mm_interconnect_0_cmd_mux_002 File: /home/alumnes/s/serik.perez/hdd/lab1/lab1_system/synthesis/submodules/lab1_system_mm_interconnect_0_cmd_mux_002.sv Line: 51
Info (12021): Found 1 design units, including 1 entities, in source file lab1_system/synthesis/submodules/lab1_system_mm_interconnect_0_cmd_mux.sv
    Info (12023): Found entity 1: lab1_system_mm_interconnect_0_cmd_mux File: /home/alumnes/s/serik.perez/hdd/lab1/lab1_system/synthesis/submodules/lab1_system_mm_interconnect_0_cmd_mux.sv Line: 51
Info (12021): Found 1 design units, including 1 entities, in source file lab1_system/synthesis/submodules/lab1_system_mm_interconnect_0_cmd_demux.sv
    Info (12023): Found entity 1: lab1_system_mm_interconnect_0_cmd_demux File: /home/alumnes/s/serik.perez/hdd/lab1/lab1_system/synthesis/submodules/lab1_system_mm_interconnect_0_cmd_demux.sv Line: 43
Info (12021): Found 1 design units, including 1 entities, in source file lab1_system/synthesis/submodules/altera_merlin_burst_adapter.sv
    Info (12023): Found entity 1: altera_merlin_burst_adapter File: /home/alumnes/s/serik.perez/hdd/lab1/lab1_system/synthesis/submodules/altera_merlin_burst_adapter.sv Line: 21
Info (12021): Found 1 design units, including 1 entities, in source file lab1_system/synthesis/submodules/altera_merlin_burst_adapter_uncmpr.sv
    Info (12023): Found entity 1: altera_merlin_burst_adapter_uncompressed_only File: /home/alumnes/s/serik.perez/hdd/lab1/lab1_system/synthesis/submodules/altera_merlin_burst_adapter_uncmpr.sv Line: 39
Info (12021): Found 5 design units, including 5 entities, in source file lab1_system/synthesis/submodules/altera_merlin_burst_adapter_13_1.sv
    Info (12023): Found entity 1: altera_merlin_burst_adapter_burstwrap_increment File: /home/alumnes/s/serik.perez/hdd/lab1/lab1_system/synthesis/submodules/altera_merlin_burst_adapter_13_1.sv Line: 40
    Info (12023): Found entity 2: altera_merlin_burst_adapter_adder File: /home/alumnes/s/serik.perez/hdd/lab1/lab1_system/synthesis/submodules/altera_merlin_burst_adapter_13_1.sv Line: 55
    Info (12023): Found entity 3: altera_merlin_burst_adapter_subtractor File: /home/alumnes/s/serik.perez/hdd/lab1/lab1_system/synthesis/submodules/altera_merlin_burst_adapter_13_1.sv Line: 77
    Info (12023): Found entity 4: altera_merlin_burst_adapter_min File: /home/alumnes/s/serik.perez/hdd/lab1/lab1_system/synthesis/submodules/altera_merlin_burst_adapter_13_1.sv Line: 98
    Info (12023): Found entity 5: altera_merlin_burst_adapter_13_1 File: /home/alumnes/s/serik.perez/hdd/lab1/lab1_system/synthesis/submodules/altera_merlin_burst_adapter_13_1.sv Line: 264
Info (12021): Found 1 design units, including 1 entities, in source file lab1_system/synthesis/submodules/altera_merlin_burst_adapter_new.sv
    Info (12023): Found entity 1: altera_merlin_burst_adapter_new File: /home/alumnes/s/serik.perez/hdd/lab1/lab1_system/synthesis/submodules/altera_merlin_burst_adapter_new.sv Line: 25
Info (12021): Found 1 design units, including 1 entities, in source file lab1_system/synthesis/submodules/altera_incr_burst_converter.sv
    Info (12023): Found entity 1: altera_incr_burst_converter File: /home/alumnes/s/serik.perez/hdd/lab1/lab1_system/synthesis/submodules/altera_incr_burst_converter.sv Line: 28
Info (12021): Found 1 design units, including 1 entities, in source file lab1_system/synthesis/submodules/altera_wrap_burst_converter.sv
    Info (12023): Found entity 1: altera_wrap_burst_converter File: /home/alumnes/s/serik.perez/hdd/lab1/lab1_system/synthesis/submodules/altera_wrap_burst_converter.sv Line: 27
Info (12021): Found 1 design units, including 1 entities, in source file lab1_system/synthesis/submodules/altera_default_burst_converter.sv
    Info (12023): Found entity 1: altera_default_burst_converter File: /home/alumnes/s/serik.perez/hdd/lab1/lab1_system/synthesis/submodules/altera_default_burst_converter.sv Line: 30
Info (12021): Found 1 design units, including 1 entities, in source file lab1_system/synthesis/submodules/altera_merlin_address_alignment.sv
    Info (12023): Found entity 1: altera_merlin_address_alignment File: /home/alumnes/s/serik.perez/hdd/lab1/lab1_system/synthesis/submodules/altera_merlin_address_alignment.sv Line: 26
Info (12021): Found 1 design units, including 1 entities, in source file lab1_system/synthesis/submodules/altera_avalon_st_pipeline_stage.sv
    Info (12023): Found entity 1: altera_avalon_st_pipeline_stage File: /home/alumnes/s/serik.perez/hdd/lab1/lab1_system/synthesis/submodules/altera_avalon_st_pipeline_stage.sv Line: 22
Info (12021): Found 1 design units, including 1 entities, in source file lab1_system/synthesis/submodules/altera_avalon_st_pipeline_base.v
    Info (12023): Found entity 1: altera_avalon_st_pipeline_base File: /home/alumnes/s/serik.perez/hdd/lab1/lab1_system/synthesis/submodules/altera_avalon_st_pipeline_base.v Line: 22
Info (12021): Found 1 design units, including 1 entities, in source file lab1_system/synthesis/submodules/altera_merlin_traffic_limiter.sv
    Info (12023): Found entity 1: altera_merlin_traffic_limiter File: /home/alumnes/s/serik.perez/hdd/lab1/lab1_system/synthesis/submodules/altera_merlin_traffic_limiter.sv Line: 49
Info (12021): Found 2 design units, including 2 entities, in source file lab1_system/synthesis/submodules/altera_merlin_reorder_memory.sv
    Info (12023): Found entity 1: altera_merlin_reorder_memory File: /home/alumnes/s/serik.perez/hdd/lab1/lab1_system/synthesis/submodules/altera_merlin_reorder_memory.sv Line: 28
    Info (12023): Found entity 2: memory_pointer_controller File: /home/alumnes/s/serik.perez/hdd/lab1/lab1_system/synthesis/submodules/altera_merlin_reorder_memory.sv Line: 185
Info (12021): Found 1 design units, including 1 entities, in source file lab1_system/synthesis/submodules/altera_avalon_sc_fifo.v
    Info (12023): Found entity 1: altera_avalon_sc_fifo File: /home/alumnes/s/serik.perez/hdd/lab1/lab1_system/synthesis/submodules/altera_avalon_sc_fifo.v Line: 21
Info (12021): Found 2 design units, including 2 entities, in source file lab1_system/synthesis/submodules/lab1_system_mm_interconnect_0_router_004.sv
    Info (12023): Found entity 1: lab1_system_mm_interconnect_0_router_004_default_decode File: /home/alumnes/s/serik.perez/hdd/lab1/lab1_system/synthesis/submodules/lab1_system_mm_interconnect_0_router_004.sv Line: 45
    Info (12023): Found entity 2: lab1_system_mm_interconnect_0_router_004 File: /home/alumnes/s/serik.perez/hdd/lab1/lab1_system/synthesis/submodules/lab1_system_mm_interconnect_0_router_004.sv Line: 84
Info (12021): Found 2 design units, including 2 entities, in source file lab1_system/synthesis/submodules/lab1_system_mm_interconnect_0_router_003.sv
    Info (12023): Found entity 1: lab1_system_mm_interconnect_0_router_003_default_decode File: /home/alumnes/s/serik.perez/hdd/lab1/lab1_system/synthesis/submodules/lab1_system_mm_interconnect_0_router_003.sv Line: 45
    Info (12023): Found entity 2: lab1_system_mm_interconnect_0_router_003 File: /home/alumnes/s/serik.perez/hdd/lab1/lab1_system/synthesis/submodules/lab1_system_mm_interconnect_0_router_003.sv Line: 84
Info (12021): Found 2 design units, including 2 entities, in source file lab1_system/synthesis/submodules/lab1_system_mm_interconnect_0_router_002.sv
    Info (12023): Found entity 1: lab1_system_mm_interconnect_0_router_002_default_decode File: /home/alumnes/s/serik.perez/hdd/lab1/lab1_system/synthesis/submodules/lab1_system_mm_interconnect_0_router_002.sv Line: 45
    Info (12023): Found entity 2: lab1_system_mm_interconnect_0_router_002 File: /home/alumnes/s/serik.perez/hdd/lab1/lab1_system/synthesis/submodules/lab1_system_mm_interconnect_0_router_002.sv Line: 84
Info (12021): Found 2 design units, including 2 entities, in source file lab1_system/synthesis/submodules/lab1_system_mm_interconnect_0_router_001.sv
    Info (12023): Found entity 1: lab1_system_mm_interconnect_0_router_001_default_decode File: /home/alumnes/s/serik.perez/hdd/lab1/lab1_system/synthesis/submodules/lab1_system_mm_interconnect_0_router_001.sv Line: 45
    Info (12023): Found entity 2: lab1_system_mm_interconnect_0_router_001 File: /home/alumnes/s/serik.perez/hdd/lab1/lab1_system/synthesis/submodules/lab1_system_mm_interconnect_0_router_001.sv Line: 84
Info (12021): Found 2 design units, including 2 entities, in source file lab1_system/synthesis/submodules/lab1_system_mm_interconnect_0_router.sv
    Info (12023): Found entity 1: lab1_system_mm_interconnect_0_router_default_decode File: /home/alumnes/s/serik.perez/hdd/lab1/lab1_system/synthesis/submodules/lab1_system_mm_interconnect_0_router.sv Line: 45
    Info (12023): Found entity 2: lab1_system_mm_interconnect_0_router File: /home/alumnes/s/serik.perez/hdd/lab1/lab1_system/synthesis/submodules/lab1_system_mm_interconnect_0_router.sv Line: 84
Info (12021): Found 1 design units, including 1 entities, in source file lab1_system/synthesis/submodules/altera_merlin_slave_agent.sv
    Info (12023): Found entity 1: altera_merlin_slave_agent File: /home/alumnes/s/serik.perez/hdd/lab1/lab1_system/synthesis/submodules/altera_merlin_slave_agent.sv Line: 34
Info (12021): Found 1 design units, including 1 entities, in source file lab1_system/synthesis/submodules/altera_merlin_burst_uncompressor.sv
    Info (12023): Found entity 1: altera_merlin_burst_uncompressor File: /home/alumnes/s/serik.perez/hdd/lab1/lab1_system/synthesis/submodules/altera_merlin_burst_uncompressor.sv Line: 40
Info (12021): Found 1 design units, including 1 entities, in source file lab1_system/synthesis/submodules/altera_merlin_axi_slave_ni.sv
    Info (12023): Found entity 1: altera_merlin_axi_slave_ni File: /home/alumnes/s/serik.perez/hdd/lab1/lab1_system/synthesis/submodules/altera_merlin_axi_slave_ni.sv Line: 22
Info (12021): Found 1 design units, including 1 entities, in source file lab1_system/synthesis/submodules/altera_merlin_axi_master_ni.sv
    Info (12023): Found entity 1: altera_merlin_axi_master_ni File: /home/alumnes/s/serik.perez/hdd/lab1/lab1_system/synthesis/submodules/altera_merlin_axi_master_ni.sv Line: 27
Info (12021): Found 1 design units, including 1 entities, in source file lab1_system/synthesis/submodules/altera_merlin_slave_translator.sv
    Info (12023): Found entity 1: altera_merlin_slave_translator File: /home/alumnes/s/serik.perez/hdd/lab1/lab1_system/synthesis/submodules/altera_merlin_slave_translator.sv Line: 35
Info (12021): Found 2 design units, including 1 entities, in source file lab1_system/synthesis/submodules/axi4_lite_booth.vhd
    Info (12022): Found design unit 1: axi4_lite_booth-arch_imp File: /home/alumnes/s/serik.perez/hdd/lab1/lab1_system/synthesis/submodules/axi4_lite_booth.vhd Line: 86
    Info (12023): Found entity 1: axi4_lite_booth File: /home/alumnes/s/serik.perez/hdd/lab1/lab1_system/synthesis/submodules/axi4_lite_booth.vhd Line: 5
Info (12021): Found 1 design units, including 1 entities, in source file lab1_system/synthesis/submodules/booth.sv
    Info (12023): Found entity 1: booth File: /home/alumnes/s/serik.perez/hdd/lab1/lab1_system/synthesis/submodules/booth.sv Line: 1
Info (12021): Found 1 design units, including 1 entities, in source file lab1_system/synthesis/submodules/lab1_system_System_PLL.v
    Info (12023): Found entity 1: lab1_system_System_PLL File: /home/alumnes/s/serik.perez/hdd/lab1/lab1_system/synthesis/submodules/lab1_system_System_PLL.v Line: 9
Info (12021): Found 1 design units, including 1 entities, in source file lab1_system/synthesis/submodules/altera_up_avalon_reset_from_locked_signal.v
    Info (12023): Found entity 1: altera_up_avalon_reset_from_locked_signal File: /home/alumnes/s/serik.perez/hdd/lab1/lab1_system/synthesis/submodules/altera_up_avalon_reset_from_locked_signal.v Line: 28
Info (12021): Found 1 design units, including 1 entities, in source file lab1_system/synthesis/submodules/lab1_system_System_PLL_sys_pll.v
    Info (12023): Found entity 1: lab1_system_System_PLL_sys_pll File: /home/alumnes/s/serik.perez/hdd/lab1/lab1_system/synthesis/submodules/lab1_system_System_PLL_sys_pll.v Line: 2
Info (12021): Found 5 design units, including 5 entities, in source file lab1_system/synthesis/submodules/lab1_system_JTAG_UART.v
    Info (12023): Found entity 1: lab1_system_JTAG_UART_sim_scfifo_w File: /home/alumnes/s/serik.perez/hdd/lab1/lab1_system/synthesis/submodules/lab1_system_JTAG_UART.v Line: 21
    Info (12023): Found entity 2: lab1_system_JTAG_UART_scfifo_w File: /home/alumnes/s/serik.perez/hdd/lab1/lab1_system/synthesis/submodules/lab1_system_JTAG_UART.v Line: 78
    Info (12023): Found entity 3: lab1_system_JTAG_UART_sim_scfifo_r File: /home/alumnes/s/serik.perez/hdd/lab1/lab1_system/synthesis/submodules/lab1_system_JTAG_UART.v Line: 164
    Info (12023): Found entity 4: lab1_system_JTAG_UART_scfifo_r File: /home/alumnes/s/serik.perez/hdd/lab1/lab1_system/synthesis/submodules/lab1_system_JTAG_UART.v Line: 243
    Info (12023): Found entity 5: lab1_system_JTAG_UART File: /home/alumnes/s/serik.perez/hdd/lab1/lab1_system/synthesis/submodules/lab1_system_JTAG_UART.v Line: 331
Info (12021): Found 1 design units, including 1 entities, in source file lab1_system/synthesis/submodules/lab1_system_ARM_A9_HPS.v
    Info (12023): Found entity 1: lab1_system_ARM_A9_HPS File: /home/alumnes/s/serik.perez/hdd/lab1/lab1_system/synthesis/submodules/lab1_system_ARM_A9_HPS.v Line: 9
Info (12021): Found 1 design units, including 1 entities, in source file lab1_system/synthesis/submodules/lab1_system_ARM_A9_HPS_hps_io.v
    Info (12023): Found entity 1: lab1_system_ARM_A9_HPS_hps_io File: /home/alumnes/s/serik.perez/hdd/lab1/lab1_system/synthesis/submodules/lab1_system_ARM_A9_HPS_hps_io.v Line: 9
Info (12021): Found 1 design units, including 1 entities, in source file lab1_system/synthesis/submodules/hps_sdram.v
    Info (12023): Found entity 1: hps_sdram File: /home/alumnes/s/serik.perez/hdd/lab1/lab1_system/synthesis/submodules/hps_sdram.v Line: 9
Info (12021): Found 1 design units, including 1 entities, in source file lab1_system/synthesis/submodules/hps_sdram_p0.sv
    Info (12023): Found entity 1: hps_sdram_p0 File: /home/alumnes/s/serik.perez/hdd/lab1/lab1_system/synthesis/submodules/hps_sdram_p0.sv Line: 18
Info (12021): Found 1 design units, including 1 entities, in source file lab1_system/synthesis/submodules/hps_sdram_p0_iss_probe.v
    Info (12023): Found entity 1: hps_sdram_p0_iss_probe File: /home/alumnes/s/serik.perez/hdd/lab1/lab1_system/synthesis/submodules/hps_sdram_p0_iss_probe.v Line: 17
Info (12021): Found 1 design units, including 1 entities, in source file lab1_system/synthesis/submodules/altdq_dqs2_acv_connect_to_hard_phy_cyclonev.sv
    Info (12023): Found entity 1: altdq_dqs2_acv_connect_to_hard_phy_cyclonev File: /home/alumnes/s/serik.perez/hdd/lab1/lab1_system/synthesis/submodules/altdq_dqs2_acv_connect_to_hard_phy_cyclonev.sv Line: 19
Info (12021): Found 1 design units, including 1 entities, in source file lab1_system/synthesis/submodules/altera_mem_if_dll_cyclonev.sv
    Info (12023): Found entity 1: altera_mem_if_dll_cyclonev File: /home/alumnes/s/serik.perez/hdd/lab1/lab1_system/synthesis/submodules/altera_mem_if_dll_cyclonev.sv Line: 23
Info (12021): Found 1 design units, including 1 entities, in source file lab1_system/synthesis/submodules/hps_sdram_p0_clock_pair_generator.v
    Info (12023): Found entity 1: hps_sdram_p0_clock_pair_generator File: /home/alumnes/s/serik.perez/hdd/lab1/lab1_system/synthesis/submodules/hps_sdram_p0_clock_pair_generator.v Line: 29
Info (12021): Found 1 design units, including 1 entities, in source file lab1_system/synthesis/submodules/hps_sdram_p0_reset.v
    Info (12023): Found entity 1: hps_sdram_p0_reset File: /home/alumnes/s/serik.perez/hdd/lab1/lab1_system/synthesis/submodules/hps_sdram_p0_reset.v Line: 18
Info (12021): Found 1 design units, including 1 entities, in source file lab1_system/synthesis/submodules/hps_sdram_p0_phy_csr.sv
    Info (12023): Found entity 1: hps_sdram_p0_phy_csr File: /home/alumnes/s/serik.perez/hdd/lab1/lab1_system/synthesis/submodules/hps_sdram_p0_phy_csr.sv Line: 31
Info (12021): Found 1 design units, including 1 entities, in source file lab1_system/synthesis/submodules/hps_sdram_p0_acv_hard_addr_cmd_pads.v
    Info (12023): Found entity 1: hps_sdram_p0_acv_hard_addr_cmd_pads File: /home/alumnes/s/serik.perez/hdd/lab1/lab1_system/synthesis/submodules/hps_sdram_p0_acv_hard_addr_cmd_pads.v Line: 17
Info (12021): Found 1 design units, including 1 entities, in source file lab1_system/synthesis/submodules/hps_sdram_p0_acv_hard_memphy.v
    Info (12023): Found entity 1: hps_sdram_p0_acv_hard_memphy File: /home/alumnes/s/serik.perez/hdd/lab1/lab1_system/synthesis/submodules/hps_sdram_p0_acv_hard_memphy.v Line: 21
Info (12021): Found 1 design units, including 1 entities, in source file lab1_system/synthesis/submodules/hps_sdram_p0_reset_sync.v
    Info (12023): Found entity 1: hps_sdram_p0_reset_sync File: /home/alumnes/s/serik.perez/hdd/lab1/lab1_system/synthesis/submodules/hps_sdram_p0_reset_sync.v Line: 17
Info (12021): Found 1 design units, including 1 entities, in source file lab1_system/synthesis/submodules/hps_sdram_p0_altdqdqs.v
    Info (12023): Found entity 1: hps_sdram_p0_altdqdqs File: /home/alumnes/s/serik.perez/hdd/lab1/lab1_system/synthesis/submodules/hps_sdram_p0_altdqdqs.v Line: 17
Info (12021): Found 1 design units, including 1 entities, in source file lab1_system/synthesis/submodules/hps_sdram_pll.sv
    Info (12023): Found entity 1: hps_sdram_pll File: /home/alumnes/s/serik.perez/hdd/lab1/lab1_system/synthesis/submodules/hps_sdram_pll.sv Line: 25
Info (12021): Found 1 design units, including 1 entities, in source file lab1_system/synthesis/submodules/hps_sdram_p0_acv_ldc.v
    Info (12023): Found entity 1: hps_sdram_p0_acv_ldc File: /home/alumnes/s/serik.perez/hdd/lab1/lab1_system/synthesis/submodules/hps_sdram_p0_acv_ldc.v Line: 17
Info (12021): Found 1 design units, including 1 entities, in source file lab1_system/synthesis/submodules/altera_mem_if_oct_cyclonev.sv
    Info (12023): Found entity 1: altera_mem_if_oct_cyclonev File: /home/alumnes/s/serik.perez/hdd/lab1/lab1_system/synthesis/submodules/altera_mem_if_oct_cyclonev.sv Line: 23
Info (12021): Found 1 design units, including 1 entities, in source file lab1_system/synthesis/submodules/hps_sdram_p0_acv_hard_io_pads.v
    Info (12023): Found entity 1: hps_sdram_p0_acv_hard_io_pads File: /home/alumnes/s/serik.perez/hdd/lab1/lab1_system/synthesis/submodules/hps_sdram_p0_acv_hard_io_pads.v Line: 17
Info (12021): Found 1 design units, including 1 entities, in source file lab1_system/synthesis/submodules/altera_mem_if_hhp_qseq_synth_top.v
    Info (12023): Found entity 1: altera_mem_if_hhp_qseq_synth_top File: /home/alumnes/s/serik.perez/hdd/lab1/lab1_system/synthesis/submodules/altera_mem_if_hhp_qseq_synth_top.v Line: 15
Info (12021): Found 1 design units, including 1 entities, in source file lab1_system/synthesis/submodules/altera_mem_if_hard_memory_controller_top_cyclonev.sv
    Info (12023): Found entity 1: altera_mem_if_hard_memory_controller_top_cyclonev File: /home/alumnes/s/serik.perez/hdd/lab1/lab1_system/synthesis/submodules/altera_mem_if_hard_memory_controller_top_cyclonev.sv Line: 18
Info (12021): Found 1 design units, including 1 entities, in source file lab1_system/synthesis/submodules/hps_sdram_p0_generic_ddio.v
    Info (12023): Found entity 1: hps_sdram_p0_generic_ddio File: /home/alumnes/s/serik.perez/hdd/lab1/lab1_system/synthesis/submodules/hps_sdram_p0_generic_ddio.v Line: 17
Info (12021): Found 1 design units, including 1 entities, in source file lab1_system/synthesis/submodules/lab1_system_ARM_A9_HPS_hps_io_border.sv
    Info (12023): Found entity 1: lab1_system_ARM_A9_HPS_hps_io_border File: /home/alumnes/s/serik.perez/hdd/lab1/lab1_system/synthesis/submodules/lab1_system_ARM_A9_HPS_hps_io_border.sv Line: 14
Info (12021): Found 1 design units, including 1 entities, in source file lab1_system/synthesis/submodules/lab1_system_ARM_A9_HPS_fpga_interfaces.sv
    Info (12023): Found entity 1: lab1_system_ARM_A9_HPS_fpga_interfaces File: /home/alumnes/s/serik.perez/hdd/lab1/lab1_system/synthesis/submodules/lab1_system_ARM_A9_HPS_fpga_interfaces.sv Line: 14
Info (12021): Found 2 design units, including 1 entities, in source file lab1.vhd
    Info (12022): Found design unit 1: lab1-structural File: /home/alumnes/s/serik.perez/hdd/lab1/lab1.vhd Line: 48
    Info (12023): Found entity 1: lab1 File: /home/alumnes/s/serik.perez/hdd/lab1/lab1.vhd Line: 5
Warning (10236): Verilog HDL Implicit Net warning at hps_sdram_pll.sv(168): created implicit net for "pll_dr_clk" File: /home/alumnes/s/serik.perez/hdd/lab1/lab1_system/synthesis/submodules/hps_sdram_pll.sv Line: 168
Info (12127): Elaborating entity "booth" for the top level hierarchy
Info (286030): Timing-Driven Synthesis is running
Warning (20013): Ignored 23 assignments for entity "altera_avalon_sc_fifo" -- entity does not exist in design
Warning (20013): Ignored 67 assignments for entity "altera_merlin_axi_master_ni" -- entity does not exist in design
Warning (20013): Ignored 66 assignments for entity "altera_merlin_axi_slave_ni" -- entity does not exist in design
Warning (20013): Ignored 43 assignments for entity "altera_merlin_burst_adapter" -- entity does not exist in design
Warning (20013): Ignored 53 assignments for entity "altera_merlin_slave_agent" -- entity does not exist in design
Warning (20013): Ignored 68 assignments for entity "altera_merlin_slave_translator" -- entity does not exist in design
Warning (20013): Ignored 34 assignments for entity "altera_merlin_traffic_limiter" -- entity does not exist in design
Warning (20013): Ignored 35 assignments for entity "altera_reset_controller" -- entity does not exist in design
Warning (20013): Ignored 19 assignments for entity "lab1_system" -- entity does not exist in design
Warning (20013): Ignored 1691 assignments for entity "lab1_system_ARM_A9_HPS" -- entity does not exist in design
Warning (20013): Ignored 1340 assignments for entity "lab1_system_ARM_A9_HPS_fpga_interfaces" -- entity does not exist in design
Warning (20013): Ignored 1335 assignments for entity "lab1_system_ARM_A9_HPS_hps_io" -- entity does not exist in design
Warning (20013): Ignored 1348 assignments for entity "lab1_system_ARM_A9_HPS_hps_io_border" -- entity does not exist in design
Warning (20013): Ignored 24 assignments for entity "lab1_system_JTAG_UART" -- entity does not exist in design
Warning (20013): Ignored 317 assignments for entity "lab1_system_System_PLL_sys_pll" -- entity does not exist in design
Warning (20013): Ignored 14 assignments for entity "lab1_system_irq_mapper" -- entity does not exist in design
Warning (20013): Ignored 13 assignments for entity "lab1_system_irq_mapper_001" -- entity does not exist in design
Warning (20013): Ignored 12 assignments for entity "lab1_system_mm_interconnect_0" -- entity does not exist in design
Warning (20013): Ignored 32 assignments for entity "lab1_system_mm_interconnect_0_avalon_st_adapter" -- entity does not exist in design
Warning (20013): Ignored 19 assignments for entity "lab1_system_mm_interconnect_0_avalon_st_adapter_error_adapter_0" -- entity does not exist in design
Warning (20013): Ignored 17 assignments for entity "lab1_system_mm_interconnect_0_cmd_demux" -- entity does not exist in design
Warning (20013): Ignored 19 assignments for entity "lab1_system_mm_interconnect_0_cmd_mux" -- entity does not exist in design
Warning (20013): Ignored 19 assignments for entity "lab1_system_mm_interconnect_0_cmd_mux_002" -- entity does not exist in design
Warning (20013): Ignored 36 assignments for entity "lab1_system_mm_interconnect_0_router" -- entity does not exist in design
Warning (20013): Ignored 36 assignments for entity "lab1_system_mm_interconnect_0_router_001" -- entity does not exist in design
Warning (20013): Ignored 36 assignments for entity "lab1_system_mm_interconnect_0_router_002" -- entity does not exist in design
Warning (20013): Ignored 36 assignments for entity "lab1_system_mm_interconnect_0_router_003" -- entity does not exist in design
Warning (20013): Ignored 36 assignments for entity "lab1_system_mm_interconnect_0_router_004" -- entity does not exist in design
Warning (20013): Ignored 17 assignments for entity "lab1_system_mm_interconnect_0_rsp_demux" -- entity does not exist in design
Warning (20013): Ignored 17 assignments for entity "lab1_system_mm_interconnect_0_rsp_demux_002" -- entity does not exist in design
Warning (20013): Ignored 19 assignments for entity "lab1_system_mm_interconnect_0_rsp_mux" -- entity does not exist in design
Info (144001): Generated suppressed messages file /home/alumnes/s/serik.perez/hdd/lab1/output_files/lab1.map.smsg
Info (16010): Generating hard_block partition "hard_block:auto_generated_inst"
    Info (16011): Adding 0 node(s), including 0 DDIO, 0 PLL, 0 transceiver and 0 LCELL
Info (21057): Implemented 132 device resources after synthesis - the final resource count might be different
    Info (21058): Implemented 37 input pins
    Info (21059): Implemented 34 output pins
    Info (21061): Implemented 61 logic cells
Info: Quartus Prime Analysis & Synthesis was successful. 0 errors, 33 warnings
    Info: Peak virtual memory: 601 megabytes
    Info: Processing ended: Thu May  7 17:52:51 2026
    Info: Elapsed time: 00:02:52
    Info: Total CPU time (on all processors): 00:02:59


+------------------------------------------+
; Analysis & Synthesis Suppressed Messages ;
+------------------------------------------+
The suppressed messages can be found in /home/alumnes/s/serik.perez/hdd/lab1/output_files/lab1.map.smsg.


